2026-06-21 10:25:07 0 [Note] Starting MariaDB 11.4.5-MariaDB source revision 0771110266ff5c04216af4bf1243c65f8c67ccf4 server_uid IGE2pWPSX9w4DpB/BVzJb2eGM9w= as process 12796
2026-06-21 10:25:07 0 [Note] InnoDB: The first data file './ibdata1' did not exist. A new tablespace will be created!
2026-06-21 10:25:07 0 [Note] InnoDB: Compressed tables use zlib 1.3.1
2026-06-21 10:25:07 0 [Note] InnoDB: Number of transaction pools: 1
2026-06-21 10:25:07 0 [Note] InnoDB: Using crc32 + pclmulqdq instructions
2026-06-21 10:25:07 0 [Note] InnoDB: Initializing buffer pool, total size = 20.000MiB, chunk size = 1.000MiB
2026-06-21 10:25:07 0 [Note] InnoDB: Completed initialization of buffer pool
2026-06-21 10:25:07 0 [Note] InnoDB: Setting file './ibdata1' size to 12.000MiB. Physically writing the file full; Please wait ...
2026-06-21 10:25:07 0 [Note] InnoDB: File './ibdata1' size is now 12.000MiB.
2026-06-21 10:25:07 0 [Note] InnoDB: File system buffers for log disabled (block size=4096 bytes)
2026-06-21 10:25:07 0 [Note] InnoDB: Data file .//undo001 did not exist: new to be created
2026-06-21 10:25:07 0 [Note] InnoDB: Setting file .//undo001 size to 10.000MiB
2026-06-21 10:25:07 0 [Note] InnoDB: Database physically writes the file full: wait...
2026-06-21 10:25:07 0 [Note] InnoDB: Data file .//undo002 did not exist: new to be created
2026-06-21 10:25:07 0 [Note] InnoDB: Setting file .//undo002 size to 10.000MiB
2026-06-21 10:25:07 0 [Note] InnoDB: Database physically writes the file full: wait...
2026-06-21 10:25:07 0 [Note] InnoDB: Data file .//undo003 did not exist: new to be created
2026-06-21 10:25:07 0 [Note] InnoDB: Setting file .//undo003 size to 10.000MiB
2026-06-21 10:25:07 0 [Note] InnoDB: Database physically writes the file full: wait...
2026-06-21 10:25:07 0 [Note] InnoDB: Doublewrite buffer not found: creating new
2026-06-21 10:25:07 0 [Note] InnoDB: Doublewrite buffer created
2026-06-21 10:25:07 0 [Note] InnoDB: Opened 3 undo tablespaces
2026-06-21 10:25:07 0 [Note] InnoDB: 128 rollback segments in 3 undo tablespaces are active.
2026-06-21 10:25:07 0 [Note] InnoDB: Setting file './ibtmp1' size to 12.000MiB. Physically writing the file full; Please wait ...
2026-06-21 10:25:07 0 [Note] InnoDB: File './ibtmp1' size is now 12.000MiB.
2026-06-21 10:25:07 0 [Note] InnoDB: log sequence number 0; transaction id 3
2026-06-21 10:25:07 0 [Note] Plugin 'FEEDBACK' is disabled.
2026-06-21 10:25:07 0 [Note] mysqld.exe: SSPI: using principal name 'localhost', mech 'Negotiate'
2026-06-21 10:25:31 0 [Note] Starting MariaDB 11.4.5-MariaDB source revision 0771110266ff5c04216af4bf1243c65f8c67ccf4 server_uid JS4Tchit3fnmbbq2VeCN8ndXgjI= as process 2008
2026-06-21 10:25:31 0 [Note] InnoDB: Compressed tables use zlib 1.3.1
2026-06-21 10:25:31 0 [Note] InnoDB: Number of transaction pools: 1
2026-06-21 10:25:31 0 [Note] InnoDB: Using crc32 + pclmulqdq instructions
2026-06-21 10:25:31 0 [Note] InnoDB: Initializing buffer pool, total size = 128.000MiB, chunk size = 2.000MiB
2026-06-21 10:25:31 0 [Note] InnoDB: Completed initialization of buffer pool
2026-06-21 10:25:31 0 [Note] InnoDB: File system buffers for log disabled (block size=4096 bytes)
2026-06-21 10:25:31 0 [Note] InnoDB: End of log at LSN=47763
2026-06-21 10:25:31 0 [Note] InnoDB: Opened 3 undo tablespaces
2026-06-21 10:25:31 0 [Note] InnoDB: 128 rollback segments in 3 undo tablespaces are active.
2026-06-21 10:25:31 0 [Note] InnoDB: Setting file './ibtmp1' size to 12.000MiB. Physically writing the file full; Please wait ...
2026-06-21 10:25:31 0 [Note] InnoDB: File './ibtmp1' size is now 12.000MiB.
2026-06-21 10:25:31 0 [Note] InnoDB: log sequence number 47763; transaction id 14
2026-06-21 10:25:31 0 [Note] Plugin 'FEEDBACK' is disabled.
2026-06-21 10:25:31 0 [Note] InnoDB: Loading buffer pool(s) from C:\Users\nagar\Music\MATRIM~1\DADAPR~1\mariadb\MARIAD~1.5-W\data\ib_buffer_pool
2026-06-21 10:25:31 0 [Note] mariadbd.exe: SSPI: using principal name 'localhost', mech 'Negotiate'
2026-06-21 10:25:31 0 [Note] InnoDB: Buffer pool(s) load completed at 260621 10:25:31
2026-06-21 10:25:31 0 [Note] Server socket created on IP: '::'.
2026-06-21 10:25:31 0 [ERROR] Can't start server: Bind on TCP/IP port. Got error: 10048: Only one usage of each socket address (protocol/network address/port) is normally permitted.

2026-06-21 10:25:31 0 [ERROR] Do you already have another server running on port: 3307 ?
2026-06-21 10:25:31 0 [ERROR] Aborting
2026-06-21 10:25:38 0 [Note] Starting MariaDB 11.4.5-MariaDB source revision 0771110266ff5c04216af4bf1243c65f8c67ccf4 server_uid JS4Tchit3fnmbbq2VeCN8ndXgjI= as process 22252
2026-06-21 10:25:38 0 [Note] InnoDB: Compressed tables use zlib 1.3.1
2026-06-21 10:25:38 0 [Note] InnoDB: Number of transaction pools: 1
2026-06-21 10:25:38 0 [Note] InnoDB: Using crc32 + pclmulqdq instructions
2026-06-21 10:25:38 0 [Note] InnoDB: Initializing buffer pool, total size = 128.000MiB, chunk size = 2.000MiB
2026-06-21 10:25:38 0 [Note] InnoDB: Completed initialization of buffer pool
2026-06-21 10:25:38 0 [Note] InnoDB: File system buffers for log disabled (block size=4096 bytes)
2026-06-21 10:25:38 0 [Note] InnoDB: End of log at LSN=47763
2026-06-21 10:25:38 0 [Note] InnoDB: Opened 3 undo tablespaces
2026-06-21 10:25:38 0 [Note] InnoDB: 128 rollback segments in 3 undo tablespaces are active.
2026-06-21 10:25:38 0 [Note] InnoDB: Setting file './ibtmp1' size to 12.000MiB. Physically writing the file full; Please wait ...
2026-06-21 10:25:38 0 [Note] InnoDB: File './ibtmp1' size is now 12.000MiB.
2026-06-21 10:25:38 0 [Note] InnoDB: log sequence number 47763; transaction id 14
2026-06-21 10:25:38 0 [Note] InnoDB: Loading buffer pool(s) from C:\Users\nagar\Music\MATRIM~1\DADAPR~1\mariadb\MARIAD~1.5-W\data\ib_buffer_pool
2026-06-21 10:25:38 0 [Note] Plugin 'FEEDBACK' is disabled.
2026-06-21 10:25:38 0 [Note] mariadbd.exe: SSPI: using principal name 'localhost', mech 'Negotiate'
2026-06-21 10:25:38 0 [Note] InnoDB: Buffer pool(s) load completed at 260621 10:25:38
2026-06-21 10:25:38 0 [Note] Server socket created on IP: '::'.
2026-06-21 10:25:38 0 [ERROR] Can't start server: Bind on TCP/IP port. Got error: 10048: Only one usage of each socket address (protocol/network address/port) is normally permitted.

2026-06-21 10:25:38 0 [ERROR] Do you already have another server running on port: 3307 ?
2026-06-21 10:25:38 0 [ERROR] Aborting
2026-06-21 10:25:46 0 [Note] Starting MariaDB 11.4.5-MariaDB source revision 0771110266ff5c04216af4bf1243c65f8c67ccf4 server_uid JS4Tchit3fnmbbq2VeCN8ndXgjI= as process 28252
2026-06-21 10:25:46 0 [Note] InnoDB: Compressed tables use zlib 1.3.1
2026-06-21 10:25:46 0 [Note] InnoDB: Number of transaction pools: 1
2026-06-21 10:25:46 0 [Note] InnoDB: Using crc32 + pclmulqdq instructions
2026-06-21 10:25:46 0 [Note] InnoDB: Initializing buffer pool, total size = 128.000MiB, chunk size = 2.000MiB
2026-06-21 10:25:46 0 [Note] InnoDB: Completed initialization of buffer pool
2026-06-21 10:25:46 0 [Note] InnoDB: File system buffers for log disabled (block size=4096 bytes)
2026-06-21 10:25:46 0 [Note] InnoDB: End of log at LSN=47763
2026-06-21 10:25:46 0 [Note] InnoDB: Opened 3 undo tablespaces
2026-06-21 10:25:46 0 [Note] InnoDB: 128 rollback segments in 3 undo tablespaces are active.
2026-06-21 10:25:46 0 [Note] InnoDB: Setting file './ibtmp1' size to 12.000MiB. Physically writing the file full; Please wait ...
2026-06-21 10:25:46 0 [Note] InnoDB: File './ibtmp1' size is now 12.000MiB.
2026-06-21 10:25:46 0 [Note] InnoDB: log sequence number 47763; transaction id 14
2026-06-21 10:25:46 0 [Note] Plugin 'FEEDBACK' is disabled.
2026-06-21 10:25:46 0 [Note] InnoDB: Loading buffer pool(s) from C:\Users\nagar\Music\MATRIM~1\DADAPR~1\mariadb\MARIAD~1.5-W\data\ib_buffer_pool
2026-06-21 10:25:46 0 [Note] mariadbd.exe: SSPI: using principal name 'localhost', mech 'Negotiate'
2026-06-21 10:25:46 0 [Note] InnoDB: Buffer pool(s) load completed at 260621 10:25:46
2026-06-21 10:25:47 0 [Note] Server socket created on IP: '::'.
2026-06-21 10:25:47 0 [ERROR] Can't start server: Bind on TCP/IP port. Got error: 10048: Only one usage of each socket address (protocol/network address/port) is normally permitted.

2026-06-21 10:25:47 0 [ERROR] Do you already have another server running on port: 3307 ?
2026-06-21 10:25:47 0 [ERROR] Aborting
2026-06-21 10:26:07 0 [Note] Starting MariaDB 11.4.5-MariaDB source revision 0771110266ff5c04216af4bf1243c65f8c67ccf4 server_uid JS4Tchit3fnmbbq2VeCN8ndXgjI= as process 10836
2026-06-21 10:26:07 0 [Note] InnoDB: Compressed tables use zlib 1.3.1
2026-06-21 10:26:07 0 [Note] InnoDB: Number of transaction pools: 1
2026-06-21 10:26:07 0 [Note] InnoDB: Using crc32 + pclmulqdq instructions
2026-06-21 10:26:07 0 [Note] InnoDB: Initializing buffer pool, total size = 128.000MiB, chunk size = 2.000MiB
2026-06-21 10:26:07 0 [Note] InnoDB: Completed initialization of buffer pool
2026-06-21 10:26:07 0 [Note] InnoDB: File system buffers for log disabled (block size=4096 bytes)
2026-06-21 10:26:07 0 [Note] InnoDB: End of log at LSN=47763
2026-06-21 10:26:07 0 [Note] InnoDB: Opened 3 undo tablespaces
2026-06-21 10:26:07 0 [Note] InnoDB: 128 rollback segments in 3 undo tablespaces are active.
2026-06-21 10:26:07 0 [Note] InnoDB: Setting file './ibtmp1' size to 12.000MiB. Physically writing the file full; Please wait ...
2026-06-21 10:26:07 0 [Note] InnoDB: File './ibtmp1' size is now 12.000MiB.
2026-06-21 10:26:07 0 [Note] InnoDB: log sequence number 47763; transaction id 14
2026-06-21 10:26:07 0 [Note] Plugin 'FEEDBACK' is disabled.
2026-06-21 10:26:07 0 [Note] InnoDB: Loading buffer pool(s) from C:\Users\nagar\Music\MATRIM~1\DADAPR~1\mariadb\MARIAD~1.5-W\data\ib_buffer_pool
2026-06-21 10:26:07 0 [Note] mariadbd.exe: SSPI: using principal name 'localhost', mech 'Negotiate'
2026-06-21 10:26:07 0 [Note] InnoDB: Buffer pool(s) load completed at 260621 10:26:07
2026-06-21 10:26:08 0 [Note] Server socket created on IP: '::'.
2026-06-21 10:26:08 0 [Note] Server socket created on IP: '0.0.0.0'.
2026-06-21 10:26:08 0 [Note] C:\Users\nagar\Music\MATRIM~1\DADAPR~1\mariadb\MARIAD~1.5-W\bin\mariadbd.exe: ready for connections.
Version: '11.4.5-MariaDB'  socket: ''  port: 3307  mariadb.org binary distribution
2026-06-22 14:57:50 0 [Note] Starting MariaDB 11.4.5-MariaDB source revision 0771110266ff5c04216af4bf1243c65f8c67ccf4 server_uid JS4Tchit3fnmbbq2VeCN8ndXgjI= as process 24928
2026-06-22 14:57:50 0 [Note] InnoDB: Compressed tables use zlib 1.3.1
2026-06-22 14:57:50 0 [Note] InnoDB: Number of transaction pools: 1
2026-06-22 14:57:50 0 [Note] InnoDB: Using crc32 + pclmulqdq instructions
2026-06-22 14:57:50 0 [Note] InnoDB: Initializing buffer pool, total size = 128.000MiB, chunk size = 2.000MiB
2026-06-22 14:57:50 0 [Note] InnoDB: Completed initialization of buffer pool
2026-06-22 14:57:50 0 [Note] InnoDB: File system buffers for log disabled (block size=4096 bytes)
2026-06-22 14:57:50 0 [Note] InnoDB: Starting crash recovery from checkpoint LSN=47747
2026-06-22 14:57:50 0 [Note] InnoDB: End of log at LSN=13997254
2026-06-22 14:57:50 0 [Note] InnoDB: To recover: 758 pages
2026-06-22 14:57:50 0 [Note] InnoDB: Opened 3 undo tablespaces
2026-06-22 14:57:50 0 [Note] InnoDB: 128 rollback segments in 3 undo tablespaces are active.
2026-06-22 14:57:50 0 [Note] InnoDB: Removed temporary tablespace data file: "./ibtmp1"
2026-06-22 14:57:50 0 [Note] InnoDB: Setting file './ibtmp1' size to 12.000MiB. Physically writing the file full; Please wait ...
2026-06-22 14:57:50 0 [Note] InnoDB: File './ibtmp1' size is now 12.000MiB.
2026-06-22 14:57:50 0 [Note] InnoDB: log sequence number 13997254; transaction id 2358
2026-06-22 14:57:50 0 [Note] Plugin 'FEEDBACK' is disabled.
2026-06-22 14:57:50 0 [Note] InnoDB: Loading buffer pool(s) from C:\Users\nagar\Music\MATRIM~1\DADAPR~1\mariadb\mariadb-11.4.5-winx64\data\ib_buffer_pool
2026-06-22 14:57:50 0 [Note] mysqld.exe: SSPI: using principal name 'localhost', mech 'Negotiate'
2026-06-22 14:57:50 0 [Note] Recovering after a crash using tc.log
2026-06-22 14:57:50 0 [Note] Starting table crash recovery...
2026-06-22 14:57:50 0 [Note] Crash table recovery finished.
2026-06-22 14:57:50 0 [Note] InnoDB: Buffer pool(s) load completed at 260622 14:57:50
2026-06-22 14:57:52 0 [Note] Server socket created on IP: '::'.
2026-06-22 14:57:52 0 [Note] Server socket created on IP: '0.0.0.0'.
2026-06-22 14:57:52 0 [Note] C:\Users\nagar\Music\MATRIM~1\DADAPR~1\mariadb\mariadb-11.4.5-winx64\bin\mysqld.exe: ready for connections.
Version: '11.4.5-MariaDB'  socket: ''  port: 3307  mariadb.org binary distribution
